
> aplicacion-movil@0.1.0 build
> next build

  Ôû▓ Next.js 14.2.35
  - Environments: .env

   Creating an optimized production build ...
 Ô£ô Compiled successfully
   Skipping validation of types
   Skipping linting
   Collecting page data ...
node.exe : Error: 
supabaseKey is 
required.
En línea: 1 Carácter: 1
+ & "C:\Program 
Files\nodejs/node.exe" 
"C:\Program 
Files\nodejs/node_mo 
...
+ ~~~~~~~~~~~~~~~~~~~~~
~~~~~~~~~~~~~~~~~~~~~~~
~~~~~~~~~~~~~~~~~~~~~~~
~~
    + CategoryInfo     
         : NotSpecifi  
  ed: (Error: supaba   
 seKey is required.    
:String) [], Remot    
eException
    + FullyQualifiedEr 
   rorId : NativeComm  
  andError
 
    at new rk (C:\Users
\Administrador\OneDrive
\Escritorio\flusize\pla
ntilla_tallerMecanico-m
ain\.next\server\chunks
\7857.js:37:47317)
    at rS (C:\Users\Adm
inistrador\OneDrive\Esc
ritorio\flusize\plantil
la_tallerMecanico-main\
.next\server\chunks\785
7.js:37:50967)
    at 6515 (C:\Users\A
dministrador\OneDrive\E
scritorio\flusize\plant
illa_tallerMecanico-mai
n\.next\server\app\api\
admin-sys\create-taller
\route.js:1:523)
    at t (C:\Users\Admi
nistrador\OneDrive\Escr
itorio\flusize\plantill
a_tallerMecanico-main\.
next\server\webpack-run
time.js:1:128)
    at t (C:\Users\Admi
nistrador\OneDrive\Escr
itorio\flusize\plantill
a_tallerMecanico-main\.
next\server\app\api\adm
in-sys\create-taller\ro
ute.js:1:2573)
    at C:\Users\Adminis
trador\OneDrive\Escrito
rio\flusize\plantilla_t
allerMecanico-main\.nex
t\server\app\api\admin-
sys\create-taller\route
.js:1:2611
    at t.X (C:\Users\Ad
ministrador\OneDrive\Es
critorio\flusize\planti
lla_tallerMecanico-main
\.next\server\webpack-r
untime.js:1:1206)
    at C:\Users\Adminis
trador\OneDrive\Escrito
rio\flusize\plantilla_t
allerMecanico-main\.nex
t\server\app\api\admin-
sys\create-taller\route
.js:1:2586
    at 
Object.<anonymous> (C:\
Users\Administrador\One
Drive\Escritorio\flusiz
e\plantilla_tallerMecan
ico-main\.next\server\a
pp\api\admin-sys\create
-taller\route.js:1:2638
)
    at Module._compile 
(node:internal/modules/
cjs/loader:1761:14)

> Build error occurred
Error: Failed to 
collect page data for /
api/admin-sys/create-ta
ller
    at C:\Users\Adminis
trador\OneDrive\Escrito
rio\flusize\plantilla_t
allerMecanico-main\node
_modules\next\dist\buil
d\utils.js:1269:15
    at process.processT
icksAndRejections (node
:internal/process/task_
queues:103:5) {
  type: 'Error'
}
