
> aplicacion-movil@0.1.0 build
> next build

  Ôû▓ Next.js 14.2.35
  - Environments: .env

   Creating an optimized production build ...
 Ô£ô Compiled successfully
   Skipping validation of types
   Skipping linting
   Collecting page data ...
   Generating static pages (0/48) ...
   Generating static pages (12/48) 
node.exe : Error fatal en API: Error: Archivo CSV no encontrado en: 
C:\Users\FLUSIZE\Documents\GitHub\Flusize\steel_monkey_2026_RECOVERED.csv
En línea: 1 Carácter: 1
+ & "C:\Program Files\nodejs/node.exe" "C:\Program Files\nodejs/node_mo ...
+ ~~~~~~~~~~~~~~~~~~~~~~~~~~~~~~~~~~~~~~~~~~~~~~~~~~~~~~~~~~~~~~~~~~~~~
    + CategoryInfo          : NotSpecified: (Error fatal en ...6_RECOVERED.csv:String) [], RemoteException
    + FullyQualifiedErrorId : NativeCommandError
 
    at p (C:\Users\FLUSIZE\Documents\GitHub\Flusize\.next\server\app\api\recover\route.js:1:969)
    at 
C:\Users\FLUSIZE\Documents\GitHub\Flusize\node_modules\next\dist\compiled\next-server\app-route.runtime.prod.js:6:38417
    at C:\Users\FLUSIZE\Documents\GitHub\Flusize\node_modules\next\dist\server\lib\trace\tracer.js:140:36
    at NoopContextManager.with 
(C:\Users\FLUSIZE\Documents\GitHub\Flusize\node_modules\next\dist\compiled\@opentelemetry\api\index.js:1:7062)
    at ContextAPI.with 
(C:\Users\FLUSIZE\Documents\GitHub\Flusize\node_modules\next\dist\compiled\@opentelemetry\api\index.js:1:518)
    at NoopTracer.startActiveSpan 
(C:\Users\FLUSIZE\Documents\GitHub\Flusize\node_modules\next\dist\compiled\@opentelemetry\api\index.js:1:18093)
    at ProxyTracer.startActiveSpan 
(C:\Users\FLUSIZE\Documents\GitHub\Flusize\node_modules\next\dist\compiled\@opentelemetry\api\index.js:1:18854)
    at C:\Users\FLUSIZE\Documents\GitHub\Flusize\node_modules\next\dist\server\lib\trace\tracer.js:122:103
    at NoopContextManager.with 
(C:\Users\FLUSIZE\Documents\GitHub\Flusize\node_modules\next\dist\compiled\@opentelemetry\api\index.js:1:7062)
    at ContextAPI.with 
(C:\Users\FLUSIZE\Documents\GitHub\Flusize\node_modules\next\dist\compiled\@opentelemetry\api\index.js:1:518)
   Generating static pages (24/48) 
   Generating static pages (36/48) 
Migration failed: {
  code: 'PGRST202',
  details: 'Searched for the function public.exec_sql with parameter sql_string or with a single unnamed json/jsonb 
parameter, but no matches were found in the schema cache.',
  hint: null,
  message: 'Could not find the function public.exec_sql(sql_string) in the schema cache'
}
 Ô£ô Generating static pages (48/48)
   Finalizing page optimization ...
   Collecting build traces ...

Route (app)                              Size     First Load JS
Ôöî ãÆ /                                    15.8 kB         155 kB
Ôö£ ãÆ /_not-found                          880 B          89.3 kB
Ôö£ ãÆ /[slug]                              7.09 kB         199 kB
Ôö£ ãÆ /[slug]/orden/[id]                   191 B           103 kB
Ôö£ ãÆ /activar                             3.5 kB          146 kB
Ôö£ ãÆ /admin                               17.1 kB         195 kB
Ôö£ ãÆ /admin-sys                           4.83 kB         100 kB
Ôö£ ãÆ /admin/agenda                        12.6 kB         183 kB
Ôö£ ãÆ /admin/citas                         9.88 kB         168 kB
Ôö£ ãÆ /admin/clientes                      21.1 kB         232 kB
Ôö£ ãÆ /admin/contratos                     8.3 kB          169 kB
Ôö£ ãÆ /admin/flota                         22.4 kB         181 kB
Ôö£ ãÆ /admin/inventario                    16.4 kB         416 kB
Ôö£ ãÆ /admin/inventario/reportes           118 kB          475 kB
Ôö£ ãÆ /admin/ordenes                       74.8 kB         416 kB
Ôö£ ãÆ /admin/ordenes/[id]                  1.01 kB        89.4 kB
Ôö£ ãÆ /admin/ordenes/[id]/clean            11 kB           212 kB
Ôö£ ãÆ /admin/ordenes/clean                 11.8 kB         234 kB
Ôö£ ãÆ /admin/perfil                        10 kB           165 kB
Ôö£ ãÆ /admin/rentacar                      8.08 kB         162 kB
Ôö£ ãÆ /admin/usuarios                      12.5 kB         202 kB
Ôö£ ãÆ /admin/usuarios/[id]                 7.98 kB         178 kB
Ôö£ ãÆ /api/admin-sys/create-taller         0 B                0 B
Ôö£ ãÆ /api/auth/activar                    0 B                0 B
Ôö£ ãÆ /api/auth/login                      0 B                0 B
Ôö£ ãÆ /api/auth/logout                     0 B                0 B
Ôö£ ãÆ /api/clean-slate                     0 B                0 B
Ôö£ ãÆ /api/contratos-migrate               0 B                0 B
Ôö£ ãÆ /api/godmode/talleres                0 B                0 B
Ôö£ ãÆ /api/import-steelmonkey              0 B                0 B
Ôö£ Ôùï /api/migrate                         0 B                0 B
Ôö£ ãÆ /api/public/activate-client          0 B                0 B
Ôö£ ãÆ /api/public/orden/[id]/[token]       0 B                0 B
Ôö£ ãÆ /api/recover                         0 B                0 B
Ôö£ Ôùï /api/temp-check                      0 B                0 B
Ôö£ ãÆ /api/usuarios/crear                  0 B                0 B
Ôö£ ãÆ /api/vehiculo                        0 B                0 B
Ôö£ ãÆ /auth/activar-cuenta                 4.46 kB         142 kB
Ôö£ ãÆ /auth/callback                       0 B                0 B
Ôö£ ãÆ /conductores/mapa                    11.7 kB         211 kB
Ôö£ ãÆ /conductores/mis-citas               3.41 kB         101 kB
Ôö£ ãÆ /conductores/parking/[id]            3.76 kB         146 kB
Ôö£ ãÆ /login                               9.09 kB         170 kB
Ôö£ ãÆ /mi-garage                           13.9 kB         255 kB
Ôö£ ãÆ /onboarding                          6.42 kB         206 kB
Ôö£ ãÆ /orden/[id]                          6.23 kB         161 kB
Ôö£ ãÆ /orden/[id]/[token]                  4.57 kB         100 kB
Ôö£ ãÆ /order-tracking-design               5.15 kB         101 kB
Ôö£ ãÆ /planes                              5.06 kB         109 kB
Ôö£ ãÆ /print/orden/[id]                    4.84 kB         168 kB
Ôö£ ãÆ /print/ticket/[id]                   9.46 kB         173 kB
Ôö£ ãÆ /recepcion                           47.3 kB         249 kB
Ôö£ ãÆ /registro                            4.89 kB         163 kB
Ôö£ ãÆ /registro-taller                     5.67 kB         110 kB
Ôö£ ãÆ /setup                               5.87 kB         102 kB
Ôö£ ãÆ /super-admin                         5.28 kB         198 kB
Ôö£ ãÆ /superadmin                          13.5 kB         156 kB
Ôö£ ãÆ /superadmin/talleres/[id]/features   5.65 kB         152 kB
Ôö£ ãÆ /superadmin/tracking-stats           5.17 kB         147 kB
Ôö£ ãÆ /tracking/[orden_id]                 13.7 kB         220 kB
Ôöö ãÆ /validando-sesion                    167 B          88.6 kB
+ First Load JS shared by all            88.4 kB
  Ôö£ chunks/2117-d3594bbb8745d6fa.js      31.9 kB
  Ôö£ chunks/fd9d1056-6273a16a6effe5d3.js  53.6 kB
  Ôöö other shared chunks (total)          2.92 kB


ãÆ Middleware                             73.8 kB

Ôùï  (Static)   prerendered as static content
ãÆ  (Dynamic)  server-rendered on demand

